**********************
Windows PowerShell transcript start
Start time: 20260724123028
Username: DESKTOP-OO90Q7H\Jason
RunAs User: DESKTOP-OO90Q7H\Jason
Configuration Name: 
Machine: DESKTOP-OO90Q7H (Microsoft Windows NT 10.0.19045.0)
Host Application: C:\Windows\System32\WindowsPowerShell\v1.0\powershell.exe -Command try { [Console]::OutputEncoding=[System.Text.Encoding]::UTF8 } catch {}
$ErrorActionPreference='Stop'; $log=(Resolve-Path '.change-loop\fresh-suite\H00-H01-high-level-audit').Path + '\root-verification-windows.log'; Start-Transcript -Path $log -Force | Out-Null; try { $env:UV_PROJECT_ENVIRONMENT=(Resolve-Path '.h01-venv').Path; function Run-Step([string]$Name,[scriptblock]$Command){ Write-Output "`n=== $Name ==="; & $Command; if($LASTEXITCODE -ne 0){ throw "$Name failed with exit $LASTEXITCODE" } }; Run-Step 'uv sync --locked' { uv sync --locked }; Run-Step 'uv lock --check' { uv lock --check }; Run-Step 'uv build' { uv build }; $unrelated=Join-Path $env:TEMP ('h00-root-unrelated-' + [guid]::NewGuid().ToString('N')); New-Item -ItemType Directory -Path $unrelated | Out-Null; try { $project=(Resolve-Path '.').Path; Push-Location $unrelated; try { Run-Step 'unrelated-cwd import' { uv run --project $project --locked --no-sync python -c 'import pyocd_debug_mcp; import pyocd_debug_mcp.server' } } finally { Pop-Location } } finally { Remove-Item -LiteralPath $unrelated -Recurse -Force }; Run-Step 'ruff' { uv run --locked --no-sync ruff check . }; Run-Step 'pyright' { uv run --locked --no-sync pyright }; Run-Step 'pytest collect' { uv run --locked --no-sync pytest --collect-only -q }; Run-Step 'focused H00/process/trust tests' { uv run --locked --no-sync pytest -q tests/test_h00_repository_contract.py tests/test_h00_repository_regressions.py tests/test_process_cleanup.py tests/test_server_trust_model_round_1.py tests/test_server_trust_model_round_2.py tests/test_server_trust_model_round_3.py tests/test_server_trust_model_round_4.py tests/test_server_trust_model_round_5.py -k 'not clean_candidate_clone' }; Run-Step 'full pytest' { uv run --locked --no-sync pytest -q }; Write-Output '`nROOT WINDOWS VERIFICATION PASS' } finally { Stop-Transcript | Out-Null }
Process ID: 167196
PSVersion: 5.1.19041.6456
PSEdition: Desktop
PSCompatibleVersions: 1.0, 2.0, 3.0, 4.0, 5.0, 5.1.19041.6456
BuildVersion: 10.0.19041.6456
CLRVersion: 4.0.30319.42000
WSManStackVersion: 3.0
PSRemotingProtocolVersion: 2.3
SerializationVersion: 1.1.0.1
**********************

=== uv sync --locked ===


=== uv lock --check ===


=== uv build ===


=== unrelated-cwd import ===


=== ruff ===


=== pyright ===


=== pytest collect ===


=== focused H00/process/trust tests ===


=== full pytest ===

PS>TerminatingError(): "full pytest failed with exit 2"
**********************
Windows PowerShell transcript end
End time: 20260724123201
**********************
